Uploaded ..\docs\Pump-101_OEM_Manual.pdf: 26996805-0c8a-4f8a-8093-b9d68cac314f (status: processing)
Uploaded ..\docs\WO-489_Seal_Replacement.pdf: 34445862-059b-42c2-bd51-80c4e6d12ec1 (status: processing)
Doc ..\docs\Pump-101_OEM_Manual.pdf finished processing.
Doc ..\docs\WO-489_Seal_Replacement.pdf finished processing.

Doc ..\docs\Pump-101_OEM_Manual.pdf:
  Entities: 0, Chunks: 12

Doc ..\docs\WO-489_Seal_Replacement.pdf:
  Entities: 0, Chunks: 3

Pump-101 extracted entities: []
Edit Response Status: 200

Edited WO-489 chunk d830b696-5c06-472d-b2dc-bb530c681858: text='EDITED TEXT FOR WO-489', is_locked=True

Calling improve on Pump-101
WO-489 chunk after improve: locked=True, text='EDITED TEXT FOR WO-489'
Pump-101 new entities: []

Checking approval status:
  ..\docs\Pump-101_OEM_Manual.pdf: approved
  ..\docs\WO-489_Seal_Replacement.pdf: approved
